---
source: crates/capitoltrades_api/src/query/politician.rs
expression: "PoliticianQuery::default().with_issuer_ids(vec![1, 2, 3,\n                        4].as_slice()).with_parties(vec![Party::Democrat,\n                    Party::Republican,\n                    Party::Other].as_slice()).add_to_url(&url).to_string()"
---
"https://example.com/?page=1&issuer=1&issuer=2&issuer=3&issuer=4&party=democrat&party=republican&party=other&sortBy=-volume"
